// Jest Snapshot v1, https://goo.gl/fbAQLP

exports[`SidebarBackButton component renders correctly 1`] = `
<div
  className="ds-sidebar__header-back-button-container"
  onClick={[Function]}
  onTouchStart={[Function]}
  tabIndex="-1"
>
  <button
    type="button"
  >
    <svg
      className=""
      height={16}
      solid="true"
      version="1.1"
      viewBox="0 0 16 16"
      width={16}
      xmlns="http://www.w3.org/2000/svg"
      xmlnsXlink="http://www.w3.org/1999/xlink"
    >
      <polygon
        fill="#84839C"
        points="14.85 6.5625 14.85 8.4375 3.6 8.4375 8.75625 13.59375 7.425 14.925 0 7.5 7.425 0.075 8.75625 1.40625 3.6 6.5625"
      />
    </svg>
    <span
      className="ds-sidebar__header-back-text"
    >
      Back
    </span>
  </button>
</div>
`;
